// Jest Snapshot v1, https://goo.gl/fbAQLP

exports[`Swipeable renders renders with minimum required props 1`] = `
<View
  style={Object {}}
>
  <View
    onMoveShouldSetResponder={[Function]}
    onMoveShouldSetResponderCapture={[Function]}
    onResponderEnd={[Function]}
    onResponderGrant={[Function]}
    onResponderMove={[Function]}
    onResponderReject={[Function]}
    onResponderRelease={[Function]}
    onResponderStart={[Function]}
    onResponderTerminate={[Function]}
    onResponderTerminationRequest={[Function]}
    onStartShouldSetResponder={[Function]}
    onStartShouldSetResponderCapture={[Function]}
    style={
      Object {
        "backgroundColor": "rgba(255, 0, 0, 0)",
        "left": 0,
        "top": 0,
      }
    }
  />
</View>
`;
