// Jest Snapshot v1, https://goo.gl/fbAQLP

exports[`TitleText renders renders with minimum required props 1`] = `
<Text
  accessible={true}
  allowFontScaling={true}
  ellipsizeMode="tail"
  style={
    Array [
      Object {
        "color": "#212121",
        "fontFamily": "ArchivoBlack-Regular",
        "fontSize": 24,
      },
      Object {
        "color": "#EDE8CA",
      },
    ]
  }
/>
`;
