// Jest Snapshot v1, https://goo.gl/fbAQLP

exports[`ItemsList renders renders with minimum required props 1`] = `
<RCTScrollView
  ItemSeparatorComponent={[Function]}
  bounces={false}
  contentContainerStyle={Object {}}
  data={
    Array [
      Object {
        "id": "1",
        "isChecked": true,
        "name": "Beer",
        "quantity": 6,
      },
    ]
  }
  disableVirtualization={false}
  getItem={[Function]}
  getItemCount={[Function]}
  getItemLayout={[Function]}
  horizontal={false}
  initialNumToRender={10}
  keyExtractor={[Function]}
  maxToRenderPerBatch={10}
  numColumns={1}
  onContentSizeChange={[Function]}
  onEndReachedThreshold={2}
  onLayout={[Function]}
  onMomentumScrollEnd={[Function]}
  onScroll={[Function]}
  onScrollBeginDrag={[Function]}
  onScrollEndDrag={[Function]}
  renderItem={[Function]}
  scrollEnabled={true}
  scrollEventThrottle={50}
  stickyHeaderIndices={Array []}
  style={Object {}}
  updateCellsBatchingPeriod={50}
  viewabilityConfigCallbackPairs={Array []}
  windowSize={21}
>
  <View>
    <View
      style={null}
    >
      <View
        style={Object {}}
      >
        <View
          onMoveShouldSetResponder={[Function]}
          onMoveShouldSetResponderCapture={[Function]}
          onResponderEnd={[Function]}
          onResponderGrant={[Function]}
          onResponderMove={[Function]}
          onResponderReject={[Function]}
          onResponderRelease={[Function]}
          onResponderStart={[Function]}
          onResponderTerminate={[Function]}
          onResponderTerminationRequest={[Function]}
          onStartShouldSetResponder={[Function]}
          onStartShouldSetResponderCapture={[Function]}
          style={
            Object {
              "backgroundColor": "rgba(255, 0, 0, 0)",
              "left": 0,
              "top": 0,
            }
          }
        >
          <View
            style={
              Object {
                "transform": Array [
                  Object {
                    "translateX": 0,
                  },
                ],
              }
            }
          >
            <Item
              handleSetIsChecked={[Function]}
              handleSetQuantity={[Function]}
              id="1"
              isChecked={true}
              name="Beer"
              quantity={6}
            />
          </View>
        </View>
      </View>
    </View>
  </View>
</RCTScrollView>
`;
