// Jest Snapshot v1, https://goo.gl/fbAQLP

exports[`Lightbox renders renders with minimum required props 1`] = `
<Animator
  finalValue={1}
  initialValue={0}
  shouldAnimateIn={true}
  style={
    Object {
      "backgroundColor": "rgba(0, 0, 0, 0.67)",
      "bottom": 0,
      "left": 0,
      "position": "absolute",
      "right": 0,
      "top": 0,
    }
  }
  type="opacity"
>
  <Animator
    finalValue={0}
    initialValue={1334}
    shouldAnimateIn={true}
    style={
      Object {
        "flex": 1,
      }
    }
    type="translateY"
  >
    <View
      style={
        Array [
          Object {
            "alignSelf": "stretch",
            "flex": 1,
          },
          Object {},
        ]
      }
    >
      <RCTScrollView
        automaticallyAdjustContentInsets={false}
        bounces={false}
        contentContainerStyle={
          Object {
            "alignItems": "center",
            "flex": 1,
            "justifyContent": "center",
          }
        }
        contentInset={
          Object {
            "bottom": 0,
          }
        }
        enableAutomaticScroll={true}
        enableOnAndroid={false}
        enableResetScrollToCoords={true}
        extraHeight={75}
        extraScrollHeight={0}
        getScrollResponder={[Function]}
        handleOnScroll={[Function]}
        keyboardDismissMode="interactive"
        keyboardOpeningTime={250}
        keyboardShouldPersistTaps="handled"
        keyboardSpace={0}
        onScroll={[Function]}
        resetKeyboardSpace={[Function]}
        scrollEventThrottle={1}
        scrollForExtraHeightOnAndroid={[Function]}
        scrollIntoView={[Function]}
        scrollToEnd={[Function]}
        scrollToFocusedInput={[Function]}
        scrollToPosition={[Function]}
        showsVerticalScrollIndicator={true}
        update={[Function]}
        viewIsInsideTabBar={false}
      >
        <View />
      </RCTScrollView>
    </View>
  </Animator>
</Animator>
`;
