// Jest Snapshot v1, https://goo.gl/fbAQLP

exports[`DatabaseHandler methods should handle syncUserItems 1`] = `
[MockFunction] {
  "calls": Array [
    Array [
      Object {
        "meta": Object {
          "nextAction": Object {
            "type": "SET_USER_ITEMS",
          },
          "pathParts": Array [
            "items",
          ],
          "query": Array [
            "unique_id",
            "==",
            undefined,
          ],
        },
        "type": "sync",
      },
    ],
  ],
  "results": Array [
    Object {
      "isThrow": false,
      "value": undefined,
    },
  ],
}
`;

exports[`DatabaseHandler renders renders with minimum required props 1`] = `null`;
