// Jest Snapshot v1, https://goo.gl/fbAQLP

exports[`HeaderTabs renders renders with minimum required props 1`] = `
<View
  style={
    Object {
      "alignItems": "center",
      "borderBottomColor": "#FFFFFF",
      "borderBottomWidth": 1,
      "flexDirection": "row",
      "height": 51,
    }
  }
>
  <View
    style={
      Array [
        Object {
          "alignItems": "center",
          "flex": 1,
          "paddingHorizontal": 15,
          "paddingVertical": 10,
        },
        Object {},
      ]
    }
  >
    <View
      accessible={true}
      isTVSelectable={true}
      onResponderGrant={[Function]}
      onResponderMove={[Function]}
      onResponderRelease={[Function]}
      onResponderTerminate={[Function]}
      onResponderTerminationRequest={[Function]}
      onStartShouldSetResponder={[Function]}
      style={
        Object {
          "opacity": 1,
        }
      }
      testID="undefinedFoo"
    >
      <Text
        accessible={true}
        allowFontScaling={true}
        ellipsizeMode="tail"
        style={
          Array [
            Object {
              "color": "#08293A",
              "fontFamily": "Muli-Bold",
              "fontSize": 15,
              "textDecorationLine": "underline",
            },
            Object {
              "color": "#D17623",
            },
          ]
        }
      >
        FOO
      </Text>
    </View>
  </View>
  <View
    style={
      Array [
        Object {
          "alignItems": "center",
          "flex": 1,
          "paddingHorizontal": 15,
          "paddingVertical": 10,
        },
        Object {},
      ]
    }
  >
    <View
      accessible={true}
      isTVSelectable={true}
      onResponderGrant={[Function]}
      onResponderMove={[Function]}
      onResponderRelease={[Function]}
      onResponderTerminate={[Function]}
      onResponderTerminationRequest={[Function]}
      onStartShouldSetResponder={[Function]}
      style={
        Object {
          "opacity": 1,
        }
      }
      testID="undefinedBar"
    >
      <Text
        accessible={true}
        allowFontScaling={true}
        ellipsizeMode="tail"
        style={
          Array [
            Object {
              "color": "#08293A",
              "fontFamily": "Muli-Bold",
              "fontSize": 15,
              "textDecorationLine": "underline",
            },
            false,
          ]
        }
      >
        BAR
      </Text>
    </View>
  </View>
</View>
`;
