// Jest Snapshot v1, https://goo.gl/fbAQLP

exports[`ShoppingItem renders renders with minimum required props 1`] = `
<View
  style={
    Array [
      Object {
        "alignItems": "center",
        "flexDirection": "row",
      },
      Object {
        "height": undefined,
      },
    ]
  }
>
  <Text
    accessible={true}
    allowFontScaling={true}
    ellipsizeMode="tail"
    style={
      Object {
        "color": "#212121",
        "fontFamily": "Muli-Bold",
        "fontSize": 17,
      }
    }
  >
    6
  </Text>
  <Text
    accessible={true}
    allowFontScaling={true}
    ellipsizeMode="tail"
    style={
      Object {
        "color": "#212121",
        "fontFamily": "Muli-SemiBold",
        "fontSize": 17,
      }
    }
  >
     x 
  </Text>
  <View
    style={Object {}}
  >
    <Text
      accessible={true}
      allowFontScaling={true}
      ellipsizeMode="tail"
      style={
        Array [
          Object {
            "fontSize": 20,
          },
          Object {
            "fontSize": undefined,
          },
        ]
      }
    >
      🍺
       
    </Text>
  </View>
  <Text
    accessible={true}
    allowFontScaling={true}
    ellipsizeMode="tail"
    numberOfLines={1}
    style={
      Object {
        "color": "#212121",
        "flex": 1,
        "fontFamily": "Muli-SemiBold",
        "fontSize": 17,
      }
    }
  >
    Beer
  </Text>
</View>
`;
