// Jest Snapshot v1, https://goo.gl/fbAQLP

exports[`NetworkActivityIndicator renders renders the loading state 1`] = `
<View
  style={Object {}}
>
  <ActivityIndicator
    animating={true}
    color="#EDE8CA"
    hidesWhenStopped={true}
    size="small"
  />
</View>
`;

exports[`NetworkActivityIndicator renders renders the offline state 1`] = `
<View
  style={Object {}}
/>
`;

exports[`NetworkActivityIndicator renders renders with minimum required props 1`] = `
<View
  style={Object {}}
/>
`;
