// Jest Snapshot v1, https://goo.gl/fbAQLP

exports[`Emoji renders renders the default state 1`] = `
<Text
  accessible={true}
  allowFontScaling={true}
  ellipsizeMode="tail"
  style={
    Array [
      Object {
        "fontSize": 20,
      },
      Object {
        "fontSize": undefined,
      },
    ]
  }
>
  🍺
   
</Text>
`;

exports[`Emoji renders renders with minimum required props 1`] = `null`;
