// Jest Snapshot v1, https://goo.gl/fbAQLP

exports[`Header renders renders with minimum required props 1`] = `
<View
  style={
    Array [
      Object {
        "alignItems": "center",
        "backgroundColor": "#EDE8CA",
        "borderBottomColor": "#FFFFFF",
        "borderBottomWidth": 1,
        "flexDirection": "row",
        "paddingHorizontal": 15,
        "paddingVertical": 10,
      },
      Object {
        "height": 51,
      },
    ]
  }
>
  <View
    style={
      Array [
        Object {
          "alignItems": "center",
          "flexDirection": "row",
        },
        Object {
          "flex": 1,
        },
        Object {
          "marginRight": 15,
        },
      ]
    }
  >
    <View
      accessible={true}
      isTVSelectable={true}
      onResponderGrant={[Function]}
      onResponderMove={[Function]}
      onResponderRelease={[Function]}
      onResponderTerminate={[Function]}
      onResponderTerminationRequest={[Function]}
      onStartShouldSetResponder={[Function]}
      style={
        Object {
          "opacity": 1,
        }
      }
      testID="undefinedNAME"
    >
      <Text
        accessible={true}
        allowFontScaling={true}
        ellipsizeMode="tail"
        style={
          Array [
            Object {
              "color": "#08293A",
              "fontFamily": "Muli-Bold",
              "fontSize": 15,
              "textDecorationLine": "underline",
            },
            undefined,
          ]
        }
      >
        NAME
      </Text>
    </View>
    <Text
      accessible={true}
      allowFontScaling={false}
      ellipsizeMode="tail"
      style={
        Array [
          Object {
            "color": undefined,
            "fontSize": 12,
          },
          Object {
            "color": "#212121",
            "fontSize": 24,
            "marginLeft": 7.5,
          },
          Object {
            "fontFamily": "Material Icons",
            "fontStyle": "normal",
            "fontWeight": "normal",
          },
          Object {},
        ]
      }
    >
      
    </Text>
  </View>
  <View
    style={
      Array [
        Object {
          "alignItems": "center",
          "flexDirection": "row",
        },
        Object {
          "flex": 2,
        },
        Object {
          "marginRight": 0,
        },
      ]
    }
  >
    <View
      accessible={true}
      isTVSelectable={true}
      onResponderGrant={[Function]}
      onResponderMove={[Function]}
      onResponderRelease={[Function]}
      onResponderTerminate={[Function]}
      onResponderTerminationRequest={[Function]}
      onStartShouldSetResponder={[Function]}
      style={
        Object {
          "opacity": 1,
        }
      }
      testID="undefinedCONSUMPTION"
    >
      <Text
        accessible={true}
        allowFontScaling={true}
        ellipsizeMode="tail"
        style={
          Array [
            Object {
              "color": "#08293A",
              "fontFamily": "Muli-Bold",
              "fontSize": 15,
              "textDecorationLine": "underline",
            },
            undefined,
          ]
        }
      >
        CONSUMPTION
      </Text>
    </View>
    <Text
      accessible={true}
      allowFontScaling={false}
      ellipsizeMode="tail"
      style={
        Array [
          Object {
            "color": undefined,
            "fontSize": 12,
          },
          Object {
            "color": "#212121",
            "fontSize": 24,
            "marginLeft": 7.5,
          },
          Object {
            "fontFamily": "Material Icons",
            "fontStyle": "normal",
            "fontWeight": "normal",
          },
          Object {},
        ]
      }
    >
      
    </Text>
  </View>
</View>
`;
